2025-12-17 13:59:48 [restartedMain] INFO  c.e.f.FlightserviceApplication - Starting FlightserviceApplication using Java 23.0.2 with PID 10344 (C:\Users\lenovo thinkpad\Desktop\Tourism\flightservice\target\classes started by lenovo thinkpad in C:\Users\lenovo thinkpad\Desktop\Tourism\flightservice)
2025-12-17 13:59:48 [restartedMain] DEBUG c.e.f.FlightserviceApplication - Running with Spring Boot v3.5.8, Spring v6.2.14
2025-12-17 13:59:48 [restartedMain] INFO  c.e.f.FlightserviceApplication - No active profile set, falling back to 1 default profile: "default"
2025-12-17 13:59:48 [restartedMain] INFO  o.s.b.d.e.DevToolsPropertyDefaultsPostProcessor - Devtools property defaults active! Set 'spring.devtools.add-properties' to 'false' to disable
2025-12-17 13:59:48 [restartedMain] INFO  o.s.b.d.e.DevToolsPropertyDefaultsPostProcessor - For additional web related logging consider setting the 'logging.level.web' property to 'DEBUG'
2025-12-17 13:59:50 [restartedMain] INFO  o.s.d.r.c.RepositoryConfigurationDelegate - Bootstrapping Spring Data JPA repositories in DEFAULT mode.
2025-12-17 13:59:50 [restartedMain] INFO  o.s.d.r.c.RepositoryConfigurationDelegate - Finished Spring Data repository scanning in 285 ms. Found 1 JPA repository interface.
2025-12-17 13:59:51 [restartedMain] INFO  o.s.b.w.e.tomcat.TomcatWebServer - Tomcat initialized with port 8084 (http)
2025-12-17 13:59:51 [restartedMain] INFO  o.a.catalina.core.StandardService - Starting service [Tomcat]
2025-12-17 13:59:51 [restartedMain] INFO  o.a.catalina.core.StandardEngine - Starting Servlet engine: [Apache Tomcat/10.1.49]
2025-12-17 13:59:52 [restartedMain] INFO  o.a.c.c.C.[Tomcat].[localhost].[/] - Initializing Spring embedded WebApplicationContext
2025-12-17 13:59:52 [restartedMain] INFO  o.s.b.w.s.c.ServletWebServerApplicationContext - Root WebApplicationContext: initialization completed in 3160 ms
2025-12-17 13:59:52 [restartedMain] INFO  com.zaxxer.hikari.HikariDataSource - HikariPool-1 - Starting...
2025-12-17 13:59:52 [restartedMain] INFO  com.zaxxer.hikari.pool.HikariPool - HikariPool-1 - Added connection com.mysql.cj.jdbc.ConnectionImpl@33e1d895
2025-12-17 13:59:52 [restartedMain] INFO  com.zaxxer.hikari.HikariDataSource - HikariPool-1 - Start completed.
2025-12-17 13:59:52 [restartedMain] INFO  o.h.jpa.internal.util.LogHelper - HHH000204: Processing PersistenceUnitInfo [name: default]
2025-12-17 13:59:52 [restartedMain] INFO  org.hibernate.Version - HHH000412: Hibernate ORM core version 6.6.36.Final
2025-12-17 13:59:52 [restartedMain] INFO  o.h.c.i.RegionFactoryInitiator - HHH000026: Second-level cache disabled
2025-12-17 13:59:53 [restartedMain] INFO  o.s.o.j.p.SpringPersistenceUnitInfo - No LoadTimeWeaver setup: ignoring JPA class transformer
2025-12-17 13:59:53 [restartedMain] WARN  org.hibernate.orm.deprecation - HHH90000025: MySQL8Dialect does not need to be specified explicitly using 'hibernate.dialect' (remove the property setting and it will be selected by default)
2025-12-17 13:59:53 [restartedMain] WARN  org.hibernate.orm.deprecation - HHH90000026: MySQL8Dialect has been deprecated; use org.hibernate.dialect.MySQLDialect instead
2025-12-17 13:59:53 [restartedMain] INFO  o.hibernate.orm.connections.pooling - HHH10001005: Database info:
	Database JDBC URL [Connecting through datasource 'HikariDataSource (HikariPool-1)']
	Database driver: undefined/unknown
	Database version: 8.0
	Autocommit mode: undefined/unknown
	Isolation level: undefined/unknown
	Minimum pool size: undefined/unknown
	Maximum pool size: undefined/unknown
2025-12-17 13:59:54 [restartedMain] INFO  o.h.e.t.j.p.i.JtaPlatformInitiator - HHH000489: No JTA platform available (set 'hibernate.transaction.jta.platform' to enable JTA platform integration)
2025-12-17 13:59:54 [restartedMain] INFO  o.s.o.j.LocalContainerEntityManagerFactoryBean - Initialized JPA EntityManagerFactory for persistence unit 'default'
2025-12-17 13:59:55 [restartedMain] INFO  o.s.d.j.r.query.QueryEnhancerFactory - Hibernate is in classpath; If applicable, HQL parser will be used.
2025-12-17 13:59:56 [restartedMain] WARN  o.s.b.a.o.j.JpaBaseConfiguration$JpaWebConfiguration - spring.jpa.open-in-view is enabled by default. Therefore, database queries may be performed during view rendering. Explicitly configure spring.jpa.open-in-view to disable this warning
2025-12-17 13:59:57 [restartedMain] DEBUG o.s.w.s.m.m.a.RequestMappingHandlerMapping - 15 mappings in 'requestMappingHandlerMapping'
2025-12-17 13:59:57 [restartedMain] DEBUG o.s.w.s.h.SimpleUrlHandlerMapping - Patterns [/webjars/**, /**] in 'resourceHandlerMapping'
2025-12-17 13:59:57 [restartedMain] DEBUG o.s.w.s.m.m.a.RequestMappingHandlerAdapter - ControllerAdvice beans: 0 @ModelAttribute, 0 @InitBinder, 1 RequestBodyAdvice, 1 ResponseBodyAdvice
2025-12-17 13:59:57 [restartedMain] DEBUG o.s.w.s.m.m.a.ExceptionHandlerExceptionResolver - ControllerAdvice beans: 0 @ExceptionHandler, 1 ResponseBodyAdvice
2025-12-17 13:59:57 [restartedMain] INFO  o.s.b.d.a.OptionalLiveReloadServer - LiveReload server is running on port 35729
2025-12-17 13:59:57 [restartedMain] INFO  o.s.b.w.e.tomcat.TomcatWebServer - Tomcat started on port 8084 (http) with context path '/'
2025-12-17 13:59:57 [restartedMain] INFO  c.e.f.FlightserviceApplication - Started FlightserviceApplication in 9.887 seconds (process running for 10.872)
2025-12-17 14:00:07 [http-nio-8084-exec-1] INFO  o.a.c.c.C.[Tomcat].[localhost].[/] - Initializing Spring DispatcherServlet 'dispatcherServlet'
2025-12-17 14:00:07 [http-nio-8084-exec-1] INFO  o.s.web.servlet.DispatcherServlet - Initializing Servlet 'dispatcherServlet'
2025-12-17 14:00:07 [http-nio-8084-exec-1] DEBUG o.s.web.servlet.DispatcherServlet - Detected StandardServletMultipartResolver
2025-12-17 14:00:07 [http-nio-8084-exec-1] DEBUG o.s.web.servlet.DispatcherServlet - Detected AcceptHeaderLocaleResolver
2025-12-17 14:00:07 [http-nio-8084-exec-1] DEBUG o.s.web.servlet.DispatcherServlet - Detected FixedThemeResolver
2025-12-17 14:00:07 [http-nio-8084-exec-1] DEBUG o.s.web.servlet.DispatcherServlet - Detected org.springframework.web.servlet.view.DefaultRequestToViewNameTranslator@6185d427
2025-12-17 14:00:07 [http-nio-8084-exec-1] DEBUG o.s.web.servlet.DispatcherServlet - Detected org.springframework.web.servlet.support.SessionFlashMapManager@7f3eedd5
2025-12-17 14:00:07 [http-nio-8084-exec-1] DEBUG o.s.web.servlet.DispatcherServlet - enableLoggingRequestDetails='false': request parameters and headers will be masked to prevent unsafe logging of potentially sensitive data
2025-12-17 14:00:07 [http-nio-8084-exec-1] INFO  o.s.web.servlet.DispatcherServlet - Completed initialization in 2 ms
2025-12-17 14:00:07 [http-nio-8084-exec-1] DEBUG o.s.web.servlet.DispatcherServlet - GET "/api/flights/test", parameters={}
2025-12-17 14:00:07 [http-nio-8084-exec-1] DEBUG o.s.w.s.m.m.a.RequestMappingHandlerMapping - Mapped to com.example.flightservice.controller.FlightController#testAPI()
2025-12-17 14:00:07 [http-nio-8084-exec-1] DEBUG o.s.w.s.m.m.a.HttpEntityMethodProcessor - Using 'text/plain', given [*/*] and supported [text/plain, */*, application/json, application/*+json]
2025-12-17 14:00:07 [http-nio-8084-exec-1] DEBUG o.s.w.s.m.m.a.HttpEntityMethodProcessor - Writing ["✅ Flight Service Tétouan Smart City - API Ready!"]
2025-12-17 14:00:07 [http-nio-8084-exec-1] DEBUG o.s.web.servlet.DispatcherServlet - Completed 200 OK
2025-12-17 14:00:21 [http-nio-8084-exec-3] DEBUG o.s.web.servlet.DispatcherServlet - GET "/api/flights/test", parameters={}
2025-12-17 14:00:21 [http-nio-8084-exec-3] DEBUG o.s.w.s.m.m.a.RequestMappingHandlerMapping - Mapped to com.example.flightservice.controller.FlightController#testAPI()
2025-12-17 14:00:21 [http-nio-8084-exec-3] DEBUG o.s.w.s.m.m.a.HttpEntityMethodProcessor - Using 'text/plain', given [*/*] and supported [text/plain, */*, application/json, application/*+json]
2025-12-17 14:00:21 [http-nio-8084-exec-3] DEBUG o.s.w.s.m.m.a.HttpEntityMethodProcessor - Writing ["✅ Flight Service Tétouan Smart City - API Ready!"]
2025-12-17 14:00:21 [http-nio-8084-exec-3] DEBUG o.s.web.servlet.DispatcherServlet - Completed 200 OK
2025-12-17 14:00:43 [http-nio-8084-exec-4] DEBUG o.s.web.servlet.DispatcherServlet - GET "/api/flights/health", parameters={}
2025-12-17 14:00:43 [http-nio-8084-exec-4] DEBUG o.s.w.s.m.m.a.RequestMappingHandlerMapping - Mapped to com.example.flightservice.controller.FlightController#healthCheck()
2025-12-17 14:00:43 [http-nio-8084-exec-4] DEBUG o.s.w.s.m.m.a.HttpEntityMethodProcessor - Using 'application/json', given [*/*] and supported [application/json, application/*+json]
2025-12-17 14:00:43 [http-nio-8084-exec-4] DEBUG o.s.w.s.m.m.a.HttpEntityMethodProcessor - Writing [{service=Flight Service, message=Service opérationnel pour Tétouan Smart City, version=1.0.0, status (truncated)...]
2025-12-17 14:00:43 [http-nio-8084-exec-4] DEBUG o.s.web.servlet.DispatcherServlet - Completed 200 OK
2025-12-17 14:01:01 [http-nio-8084-exec-5] DEBUG o.s.web.servlet.DispatcherServlet - GET "/api/flights/cities/list", parameters={}
2025-12-17 14:01:01 [http-nio-8084-exec-5] DEBUG o.s.w.s.m.m.a.RequestMappingHandlerMapping - Mapped to com.example.flightservice.controller.FlightController#getCitiesList()
2025-12-17 14:01:01 [http-nio-8084-exec-6] DEBUG o.s.web.servlet.DispatcherServlet - GET "/api/flights/cities/list", parameters={}
2025-12-17 14:01:01 [http-nio-8084-exec-6] DEBUG o.s.w.s.m.m.a.RequestMappingHandlerMapping - Mapped to com.example.flightservice.controller.FlightController#getCitiesList()
2025-12-17 14:01:01 [http-nio-8084-exec-5] DEBUG o.s.w.s.m.m.a.HttpEntityMethodProcessor - Using 'application/json', given [application/json, text/plain, */*] and supported [application/json, application/*+json]
2025-12-17 14:01:01 [http-nio-8084-exec-6] DEBUG o.s.w.s.m.m.a.HttpEntityMethodProcessor - Using 'application/json', given [application/json, text/plain, */*] and supported [application/json, application/*+json]
2025-12-17 14:01:01 [http-nio-8084-exec-6] DEBUG o.s.w.s.m.m.a.HttpEntityMethodProcessor - Writing [[Paris, Casablanca, Rabat, Tanger, Fès, Marrakech, Agadir, Madrid, Barcelone, Lisbonne, Londres, Rom (truncated)...]
2025-12-17 14:01:01 [http-nio-8084-exec-5] DEBUG o.s.w.s.m.m.a.HttpEntityMethodProcessor - Writing [[Paris, Casablanca, Rabat, Tanger, Fès, Marrakech, Agadir, Madrid, Barcelone, Lisbonne, Londres, Rom (truncated)...]
2025-12-17 14:01:01 [http-nio-8084-exec-5] DEBUG o.s.web.servlet.DispatcherServlet - Completed 200 OK
2025-12-17 14:01:01 [http-nio-8084-exec-6] DEBUG o.s.web.servlet.DispatcherServlet - Completed 200 OK
2025-12-17 14:01:07 [http-nio-8084-exec-7] DEBUG o.s.web.servlet.DispatcherServlet - GET "/api/flights/cities/list", parameters={}
2025-12-17 14:01:07 [http-nio-8084-exec-7] DEBUG o.s.w.s.m.m.a.RequestMappingHandlerMapping - Mapped to com.example.flightservice.controller.FlightController#getCitiesList()
2025-12-17 14:01:07 [http-nio-8084-exec-7] DEBUG o.s.w.s.m.m.a.HttpEntityMethodProcessor - Using 'application/json', given [application/json, text/plain, */*] and supported [application/json, application/*+json]
2025-12-17 14:01:07 [http-nio-8084-exec-7] DEBUG o.s.w.s.m.m.a.HttpEntityMethodProcessor - Writing [[Paris, Casablanca, Rabat, Tanger, Fès, Marrakech, Agadir, Madrid, Barcelone, Lisbonne, Londres, Rom (truncated)...]
2025-12-17 14:01:07 [http-nio-8084-exec-7] DEBUG o.s.web.servlet.DispatcherServlet - Completed 200 OK
2025-12-17 14:01:07 [http-nio-8084-exec-8] DEBUG o.s.web.servlet.DispatcherServlet - GET "/api/flights/cities/list", parameters={}
2025-12-17 14:01:07 [http-nio-8084-exec-8] DEBUG o.s.w.s.m.m.a.RequestMappingHandlerMapping - Mapped to com.example.flightservice.controller.FlightController#getCitiesList()
2025-12-17 14:01:07 [http-nio-8084-exec-8] DEBUG o.s.w.s.m.m.a.HttpEntityMethodProcessor - Using 'application/json', given [application/json, text/plain, */*] and supported [application/json, application/*+json]
2025-12-17 14:01:07 [http-nio-8084-exec-8] DEBUG o.s.w.s.m.m.a.HttpEntityMethodProcessor - Writing [[Paris, Casablanca, Rabat, Tanger, Fès, Marrakech, Agadir, Madrid, Barcelone, Lisbonne, Londres, Rom (truncated)...]
2025-12-17 14:01:07 [http-nio-8084-exec-8] DEBUG o.s.web.servlet.DispatcherServlet - Completed 200 OK
2025-12-17 14:01:14 [http-nio-8084-exec-9] DEBUG o.s.web.servlet.DispatcherServlet - GET "/api/flights/search", parameters={}
2025-12-17 14:01:14 [http-nio-8084-exec-9] DEBUG o.s.w.s.m.m.a.RequestMappingHandlerMapping - Mapped to com.example.flightservice.controller.FlightController#searchFlights(String, LocalDate, String)
2025-12-17 14:01:14 [http-nio-8084-exec-9] INFO  c.e.f.service.FlightService - 🔍 Recherche vols - Ville: null, Date: 2025-12-17, Compagnie: null
2025-12-17 14:01:14 [http-nio-8084-exec-9] INFO  c.e.f.external.AviationStackService - Recherche AviationStack - Ville: null, Date: 2025-12-17, Compagnie: null
2025-12-17 14:01:14 [http-nio-8084-exec-9] DEBUG c.e.f.external.AviationStackService - URL API: http://api.aviationstack.com/v1/flights?access_key=***&arr_iata=TNG&limit=50&flight_date=2025-12-17
2025-12-17 14:01:14 [http-nio-8084-exec-9] DEBUG o.s.w.r.f.client.ExchangeFunctions - [61497acc] HTTP GET http://api.aviationstack.com/v1/flights?access_key=c1f2dcab27982c1a73c2ae40047c02ca&arr_iata=TNG&limit=50&flight_date=2025-12-17
2025-12-17 14:01:17 [reactor-http-nio-2] DEBUG o.s.w.r.f.client.ExchangeFunctions - [61497acc] [bfdb53d6-1] Response 403 FORBIDDEN
2025-12-17 14:01:17 [reactor-http-nio-2] DEBUG org.springframework.web.HttpLogging - [61497acc] [bfdb53d6-1] Read 126 bytes
2025-12-17 14:01:17 [http-nio-8084-exec-9] ERROR c.e.f.external.AviationStackService - Erreur API AviationStack: 403 Forbidden from GET http://api.aviationstack.com/v1/flights
org.springframework.web.reactive.function.client.WebClientResponseException$Forbidden: 403 Forbidden from GET http://api.aviationstack.com/v1/flights
	at org.springframework.web.reactive.function.client.WebClientResponseException.create(WebClientResponseException.java:323)
	Suppressed: reactor.core.publisher.FluxOnAssembly$OnAssemblyException: 
Error has been observed at the following site(s):
	*__checkpoint ⇢ 403 FORBIDDEN from GET http://api.aviationstack.com/v1/flights [DefaultWebClient]
Original Stack Trace:
		at org.springframework.web.reactive.function.client.WebClientResponseException.create(WebClientResponseException.java:323)
		at org.springframework.web.reactive.function.client.DefaultClientResponse.lambda$createException$1(DefaultClientResponse.java:214)
		at reactor.core.publisher.FluxMap$MapSubscriber.onNext(FluxMap.java:106)
		at reactor.core.publisher.FluxOnErrorReturn$ReturnSubscriber.onNext(FluxOnErrorReturn.java:162)
		at reactor.core.publisher.FluxDefaultIfEmpty$DefaultIfEmptySubscriber.onNext(FluxDefaultIfEmpty.java:122)
		at reactor.core.publisher.FluxMapFuseable$MapFuseableSubscriber.onNext(FluxMapFuseable.java:129)
		at reactor.core.publisher.FluxContextWrite$ContextWriteSubscriber.onNext(FluxContextWrite.java:107)
		at reactor.core.publisher.FluxMapFuseable$MapFuseableConditionalSubscriber.onNext(FluxMapFuseable.java:299)
		at reactor.core.publisher.FluxFilterFuseable$FilterFuseableConditionalSubscriber.onNext(FluxFilterFuseable.java:337)
		at reactor.core.publisher.Operators$BaseFluxToMonoOperator.completePossiblyEmpty(Operators.java:2096)
		at reactor.core.publisher.MonoCollect$CollectSubscriber.onComplete(MonoCollect.java:145)
		at reactor.core.publisher.FluxMap$MapSubscriber.onComplete(FluxMap.java:144)
		at reactor.core.publisher.FluxPeek$PeekSubscriber.onComplete(FluxPeek.java:260)
		at reactor.core.publisher.FluxMap$MapSubscriber.onComplete(FluxMap.java:144)
		at reactor.netty.channel.FluxReceive.onInboundComplete(FluxReceive.java:413)
		at reactor.netty.channel.ChannelOperations.onInboundComplete(ChannelOperations.java:464)
		at reactor.netty.channel.ChannelOperations.terminate(ChannelOperations.java:518)
		at reactor.netty.http.client.HttpClientOperations.onInboundNext(HttpClientOperations.java:925)
		at reactor.netty.channel.ChannelOperationsHandler.channelRead(ChannelOperationsHandler.java:115)
		at io.netty.channel.AbstractChannelHandlerContext.invokeChannelRead(AbstractChannelHandlerContext.java:444)
		at io.netty.channel.AbstractChannelHandlerContext.invokeChannelRead(AbstractChannelHandlerContext.java:420)
		at io.netty.channel.AbstractChannelHandlerContext.fireChannelRead(AbstractChannelHandlerContext.java:412)
		at io.netty.handler.codec.http.HttpContentDecoder.decode(HttpContentDecoder.java:181)
		at io.netty.handler.codec.http.HttpContentDecoder.decode(HttpContentDecoder.java:48)
		at io.netty.handler.codec.MessageToMessageDecoder.channelRead(MessageToMessageDecoder.java:91)
		at io.netty.channel.AbstractChannelHandlerContext.invokeChannelRead(AbstractChannelHandlerContext.java:444)
		at io.netty.channel.AbstractChannelHandlerContext.invokeChannelRead(AbstractChannelHandlerContext.java:420)
		at io.netty.channel.AbstractChannelHandlerContext.fireChannelRead(AbstractChannelHandlerContext.java:412)
		at io.netty.channel.CombinedChannelDuplexHandler$DelegatingChannelHandlerContext.fireChannelRead(CombinedChannelDuplexHandler.java:436)
		at io.netty.handler.codec.ByteToMessageDecoder.fireChannelRead(ByteToMessageDecoder.java:346)
		at io.netty.handler.codec.ByteToMessageDecoder.channelRead(ByteToMessageDecoder.java:318)
		at io.netty.channel.CombinedChannelDuplexHandler.channelRead(CombinedChannelDuplexHandler.java:251)
		at io.netty.channel.AbstractChannelHandlerContext.invokeChannelRead(AbstractChannelHandlerContext.java:442)
		at io.netty.channel.AbstractChannelHandlerContext.invokeChannelRead(AbstractChannelHandlerContext.java:420)
		at io.netty.channel.AbstractChannelHandlerContext.fireChannelRead(AbstractChannelHandlerContext.java:412)
		at io.netty.channel.DefaultChannelPipeline$HeadContext.channelRead(DefaultChannelPipeline.java:1357)
		at io.netty.channel.AbstractChannelHandlerContext.invokeChannelRead(AbstractChannelHandlerContext.java:440)
		at io.netty.channel.AbstractChannelHandlerContext.invokeChannelRead(AbstractChannelHandlerContext.java:420)
		at io.netty.channel.DefaultChannelPipeline.fireChannelRead(DefaultChannelPipeline.java:868)
		at io.netty.channel.nio.AbstractNioByteChannel$NioByteUnsafe.read(AbstractNioByteChannel.java:166)
		at io.netty.channel.nio.NioEventLoop.processSelectedKey(NioEventLoop.java:796)
		at io.netty.channel.nio.NioEventLoop.processSelectedKeysOptimized(NioEventLoop.java:732)
		at io.netty.channel.nio.NioEventLoop.processSelectedKeys(NioEventLoop.java:658)
		at io.netty.channel.nio.NioEventLoop.run(NioEventLoop.java:562)
		at io.netty.util.concurrent.SingleThreadEventExecutor$4.run(SingleThreadEventExecutor.java:998)
		at io.netty.util.internal.ThreadExecutorMap$2.run(ThreadExecutorMap.java:74)
		at io.netty.util.concurrent.FastThreadLocalRunnable.run(FastThreadLocalRunnable.java:30)
		at java.base/java.lang.Thread.run(Thread.java:1575)
	Suppressed: java.lang.Exception: #block terminated with an error
		at reactor.core.publisher.BlockingSingleSubscriber.blockingGet(BlockingSingleSubscriber.java:104)
		at reactor.core.publisher.Mono.block(Mono.java:1779)
		at com.example.flightservice.external.AviationStackService.searchFlightsToTetouan(AviationStackService.java:74)
		at com.example.flightservice.service.FlightService.searchFlights(FlightService.java:69)
		at com.example.flightservice.controller.FlightController.searchFlights(FlightController.java:40)
		at java.base/jdk.internal.reflect.DirectMethodHandleAccessor.invoke(DirectMethodHandleAccessor.java:103)
		at java.base/java.lang.reflect.Method.invoke(Method.java:580)
		at org.springframework.web.method.support.InvocableHandlerMethod.doInvoke(InvocableHandlerMethod.java:258)
		at org.springframework.web.method.support.InvocableHandlerMethod.invokeForRequest(InvocableHandlerMethod.java:191)
		at org.springframework.web.servlet.mvc.method.annotation.ServletInvocableHandlerMethod.invokeAndHandle(ServletInvocableHandlerMethod.java:118)
		at org.springframework.web.servlet.mvc.method.annotation.RequestMappingHandlerAdapter.invokeHandlerMethod(RequestMappingHandlerAdapter.java:991)
		at org.springframework.web.servlet.mvc.method.annotation.RequestMappingHandlerAdapter.handleInternal(RequestMappingHandlerAdapter.java:896)
		at org.springframework.web.servlet.mvc.method.AbstractHandlerMethodAdapter.handle(AbstractHandlerMethodAdapter.java:87)
		at org.springframework.web.servlet.DispatcherServlet.doDispatch(DispatcherServlet.java:1089)
		at org.springframework.web.servlet.DispatcherServlet.doService(DispatcherServlet.java:979)
		at org.springframework.web.servlet.FrameworkServlet.processRequest(FrameworkServlet.java:1014)
		at org.springframework.web.servlet.FrameworkServlet.doGet(FrameworkServlet.java:903)
		at jakarta.servlet.http.HttpServlet.service(HttpServlet.java:564)
		at org.springframework.web.servlet.FrameworkServlet.service(FrameworkServlet.java:885)
		at jakarta.servlet.http.HttpServlet.service(HttpServlet.java:658)
		at org.apache.catalina.core.ApplicationFilterChain.internalDoFilter(ApplicationFilterChain.java:193)
		at org.apache.catalina.core.ApplicationFilterChain.doFilter(ApplicationFilterChain.java:138)
		at org.apache.tomcat.websocket.server.WsFilter.doFilter(WsFilter.java:51)
		at org.apache.catalina.core.ApplicationFilterChain.internalDoFilter(ApplicationFilterChain.java:162)
		at org.apache.catalina.core.ApplicationFilterChain.doFilter(ApplicationFilterChain.java:138)
		at org.springframework.web.filter.RequestContextFilter.doFilterInternal(RequestContextFilter.java:100)
		at org.springframework.web.filter.OncePerRequestFilter.doFilter(OncePerRequestFilter.java:116)
		at org.apache.catalina.core.ApplicationFilterChain.internalDoFilter(ApplicationFilterChain.java:162)
		at org.apache.catalina.core.ApplicationFilterChain.doFilter(ApplicationFilterChain.java:138)
		at org.springframework.web.filter.FormContentFilter.doFilterInternal(FormContentFilter.java:93)
		at org.springframework.web.filter.OncePerRequestFilter.doFilter(OncePerRequestFilter.java:116)
		at org.apache.catalina.core.ApplicationFilterChain.internalDoFilter(ApplicationFilterChain.java:162)
		at org.apache.catalina.core.ApplicationFilterChain.doFilter(ApplicationFilterChain.java:138)
		at org.springframework.web.filter.CharacterEncodingFilter.doFilterInternal(CharacterEncodingFilter.java:201)
		at org.springframework.web.filter.OncePerRequestFilter.doFilter(OncePerRequestFilter.java:116)
		at org.apache.catalina.core.ApplicationFilterChain.internalDoFilter(ApplicationFilterChain.java:162)
		at org.apache.catalina.core.ApplicationFilterChain.doFilter(ApplicationFilterChain.java:138)
		at org.apache.catalina.core.StandardWrapperValve.invoke(StandardWrapperValve.java:165)
		at org.apache.catalina.core.StandardContextValve.invoke(StandardContextValve.java:88)
		at org.apache.catalina.authenticator.AuthenticatorBase.invoke(AuthenticatorBase.java:482)
		at org.apache.catalina.core.StandardHostValve.invoke(StandardHostValve.java:113)
		at org.apache.catalina.valves.ErrorReportValve.invoke(ErrorReportValve.java:83)
		at org.apache.catalina.core.StandardEngineValve.invoke(StandardEngineValve.java:72)
		at org.apache.catalina.connector.CoyoteAdapter.service(CoyoteAdapter.java:342)
		at org.apache.coyote.http11.Http11Processor.service(Http11Processor.java:399)
		at org.apache.coyote.AbstractProcessorLight.process(AbstractProcessorLight.java:63)
		at org.apache.coyote.AbstractProtocol$ConnectionHandler.process(AbstractProtocol.java:903)
		at org.apache.tomcat.util.net.NioEndpoint$SocketProcessor.doRun(NioEndpoint.java:1774)
		at org.apache.tomcat.util.net.SocketProcessorBase.run(SocketProcessorBase.java:52)
		at org.apache.tomcat.util.threads.ThreadPoolExecutor.runWorker(ThreadPoolExecutor.java:973)
		at org.apache.tomcat.util.threads.ThreadPoolExecutor$Worker.run(ThreadPoolExecutor.java:491)
		at org.apache.tomcat.util.threads.TaskThread$WrappingRunnable.run(TaskThread.java:63)
		at java.base/java.lang.Thread.run(Thread.java:1575)
2025-12-17 14:01:17 [http-nio-8084-exec-9] INFO  c.e.f.external.AviationStackService - Utilisation données fallback pour: null
2025-12-17 14:01:17 [http-nio-8084-exec-9] INFO  c.e.f.external.AviationStackService - 12 vols fallback générés
2025-12-17 14:01:17 [http-nio-8084-exec-9] INFO  c.e.f.service.FlightService - 📊 12 vols trouvés
2025-12-17 14:01:17 [http-nio-8084-exec-9] DEBUG c.e.f.service.FlightService - Exemple de vols trouvés:
2025-12-17 14:01:17 [http-nio-8084-exec-9] DEBUG c.e.f.service.FlightService -   1. TAP Air Portugal: Oujda -> Tétouan, Prix: 778.48651124293 MAD, Heure: 2025-12-17T18:30:17.285442700
2025-12-17 14:01:17 [http-nio-8084-exec-9] DEBUG c.e.f.service.FlightService -   2. Ryanair: Agadir -> Tétouan, Prix: 626.588613384163 MAD, Heure: 2025-12-18T16:44:17.285442700
2025-12-17 14:01:17 [http-nio-8084-exec-9] DEBUG c.e.f.service.FlightService -   3. EasyJet: Rabat -> Tétouan, Prix: 400.0 MAD, Heure: 2025-12-19T15:14:17.285442700
2025-12-17 14:01:17 [http-nio-8084-exec-9] DEBUG o.s.w.s.m.m.a.HttpEntityMethodProcessor - Using 'application/json', given [application/json, text/plain, */*] and supported [application/json, application/*+json]
2025-12-17 14:01:17 [http-nio-8084-exec-9] DEBUG o.s.w.s.m.m.a.HttpEntityMethodProcessor - Writing [[Flight(id=FALLBACK-ee1f0632-4a78-48fa-84ea-6b5bb51b4975, flightNumber=FB1006, airline=TAP Air Portu (truncated)...]
2025-12-17 14:01:17 [http-nio-8084-exec-9] DEBUG o.s.web.servlet.DispatcherServlet - Completed 200 OK
2025-12-17 14:05:33 [http-nio-8084-exec-4] DEBUG o.s.web.servlet.DispatcherServlet - GET "/api/flights/health", parameters={}
2025-12-17 14:05:33 [http-nio-8084-exec-4] DEBUG o.s.w.s.m.m.a.RequestMappingHandlerMapping - Mapped to com.example.flightservice.controller.FlightController#healthCheck()
2025-12-17 14:05:33 [http-nio-8084-exec-4] DEBUG o.s.w.s.m.m.a.HttpEntityMethodProcessor - Using 'application/json', given [*/*] and supported [application/json, application/*+json]
2025-12-17 14:05:33 [http-nio-8084-exec-4] DEBUG o.s.w.s.m.m.a.HttpEntityMethodProcessor - Writing [{service=Flight Service, message=Service opérationnel pour Tétouan Smart City, version=1.0.0, status (truncated)...]
2025-12-17 14:05:33 [http-nio-8084-exec-4] DEBUG o.s.web.servlet.DispatcherServlet - Completed 200 OK
2025-12-17 14:06:27 [http-nio-8084-exec-6] DEBUG o.s.web.servlet.DispatcherServlet - GET "/api/flights/cities/list", parameters={}
2025-12-17 14:06:27 [http-nio-8084-exec-6] DEBUG o.s.w.s.m.m.a.RequestMappingHandlerMapping - Mapped to com.example.flightservice.controller.FlightController#getCitiesList()
2025-12-17 14:06:27 [http-nio-8084-exec-5] DEBUG o.s.web.servlet.DispatcherServlet - GET "/api/flights/cities/list", parameters={}
2025-12-17 14:06:27 [http-nio-8084-exec-5] DEBUG o.s.w.s.m.m.a.RequestMappingHandlerMapping - Mapped to com.example.flightservice.controller.FlightController#getCitiesList()
2025-12-17 14:06:27 [http-nio-8084-exec-5] DEBUG o.s.w.s.m.m.a.HttpEntityMethodProcessor - Using 'application/json', given [application/json, text/plain, */*] and supported [application/json, application/*+json]
2025-12-17 14:06:27 [http-nio-8084-exec-5] DEBUG o.s.w.s.m.m.a.HttpEntityMethodProcessor - Writing [[Paris, Casablanca, Rabat, Tanger, Fès, Marrakech, Agadir, Madrid, Barcelone, Lisbonne, Londres, Rom (truncated)...]
2025-12-17 14:06:27 [http-nio-8084-exec-6] DEBUG o.s.w.s.m.m.a.HttpEntityMethodProcessor - Using 'application/json', given [application/json, text/plain, */*] and supported [application/json, application/*+json]
2025-12-17 14:06:27 [http-nio-8084-exec-5] DEBUG o.s.web.servlet.DispatcherServlet - Completed 200 OK
2025-12-17 14:06:27 [http-nio-8084-exec-6] DEBUG o.s.w.s.m.m.a.HttpEntityMethodProcessor - Writing [[Paris, Casablanca, Rabat, Tanger, Fès, Marrakech, Agadir, Madrid, Barcelone, Lisbonne, Londres, Rom (truncated)...]
2025-12-17 14:06:27 [http-nio-8084-exec-6] DEBUG o.s.web.servlet.DispatcherServlet - Completed 200 OK
2025-12-17 14:06:39 [http-nio-8084-exec-8] DEBUG o.s.web.servlet.DispatcherServlet - GET "/api/flights/search", parameters={}
2025-12-17 14:06:39 [http-nio-8084-exec-8] DEBUG o.s.w.s.m.m.a.RequestMappingHandlerMapping - Mapped to com.example.flightservice.controller.FlightController#searchFlights(String, LocalDate, String)
2025-12-17 14:06:39 [http-nio-8084-exec-8] INFO  c.e.f.service.FlightService - 🔍 Recherche vols - Ville: null, Date: 2025-12-17, Compagnie: null
2025-12-17 14:06:39 [http-nio-8084-exec-8] INFO  c.e.f.external.AviationStackService - Recherche AviationStack - Ville: null, Date: 2025-12-17, Compagnie: null
2025-12-17 14:06:39 [http-nio-8084-exec-8] DEBUG c.e.f.external.AviationStackService - URL API: http://api.aviationstack.com/v1/flights?access_key=***&arr_iata=TNG&limit=50&flight_date=2025-12-17
2025-12-17 14:06:39 [http-nio-8084-exec-8] DEBUG o.s.w.r.f.client.ExchangeFunctions - [4e654550] HTTP GET http://api.aviationstack.com/v1/flights?access_key=c1f2dcab27982c1a73c2ae40047c02ca&arr_iata=TNG&limit=50&flight_date=2025-12-17
2025-12-17 14:06:39 [reactor-http-nio-2] DEBUG o.s.w.r.f.client.ExchangeFunctions - [4e654550] [bfdb53d6-2] Response 403 FORBIDDEN
2025-12-17 14:06:39 [reactor-http-nio-2] DEBUG org.springframework.web.HttpLogging - [4e654550] [bfdb53d6-2] Read 126 bytes
2025-12-17 14:06:39 [http-nio-8084-exec-8] ERROR c.e.f.external.AviationStackService - Erreur API AviationStack: 403 Forbidden from GET http://api.aviationstack.com/v1/flights
org.springframework.web.reactive.function.client.WebClientResponseException$Forbidden: 403 Forbidden from GET http://api.aviationstack.com/v1/flights
	at org.springframework.web.reactive.function.client.WebClientResponseException.create(WebClientResponseException.java:323)
	Suppressed: reactor.core.publisher.FluxOnAssembly$OnAssemblyException: 
Error has been observed at the following site(s):
	*__checkpoint ⇢ 403 FORBIDDEN from GET http://api.aviationstack.com/v1/flights [DefaultWebClient]
Original Stack Trace:
		at org.springframework.web.reactive.function.client.WebClientResponseException.create(WebClientResponseException.java:323)
		at org.springframework.web.reactive.function.client.DefaultClientResponse.lambda$createException$1(DefaultClientResponse.java:214)
		at reactor.core.publisher.FluxMap$MapSubscriber.onNext(FluxMap.java:106)
		at reactor.core.publisher.FluxOnErrorReturn$ReturnSubscriber.onNext(FluxOnErrorReturn.java:162)
		at reactor.core.publisher.FluxDefaultIfEmpty$DefaultIfEmptySubscriber.onNext(FluxDefaultIfEmpty.java:122)
		at reactor.core.publisher.FluxMapFuseable$MapFuseableSubscriber.onNext(FluxMapFuseable.java:129)
		at reactor.core.publisher.FluxContextWrite$ContextWriteSubscriber.onNext(FluxContextWrite.java:107)
		at reactor.core.publisher.FluxMapFuseable$MapFuseableConditionalSubscriber.onNext(FluxMapFuseable.java:299)
		at reactor.core.publisher.FluxFilterFuseable$FilterFuseableConditionalSubscriber.onNext(FluxFilterFuseable.java:337)
		at reactor.core.publisher.Operators$BaseFluxToMonoOperator.completePossiblyEmpty(Operators.java:2096)
		at reactor.core.publisher.MonoCollect$CollectSubscriber.onComplete(MonoCollect.java:145)
		at reactor.core.publisher.FluxMap$MapSubscriber.onComplete(FluxMap.java:144)
		at reactor.core.publisher.FluxPeek$PeekSubscriber.onComplete(FluxPeek.java:260)
		at reactor.core.publisher.FluxMap$MapSubscriber.onComplete(FluxMap.java:144)
		at reactor.netty.channel.FluxReceive.onInboundComplete(FluxReceive.java:413)
		at reactor.netty.channel.ChannelOperations.onInboundComplete(ChannelOperations.java:464)
		at reactor.netty.channel.ChannelOperations.terminate(ChannelOperations.java:518)
		at reactor.netty.http.client.HttpClientOperations.onInboundNext(HttpClientOperations.java:925)
		at reactor.netty.channel.ChannelOperationsHandler.channelRead(ChannelOperationsHandler.java:115)
		at io.netty.channel.AbstractChannelHandlerContext.invokeChannelRead(AbstractChannelHandlerContext.java:444)
		at io.netty.channel.AbstractChannelHandlerContext.invokeChannelRead(AbstractChannelHandlerContext.java:420)
		at io.netty.channel.AbstractChannelHandlerContext.fireChannelRead(AbstractChannelHandlerContext.java:412)
		at io.netty.handler.codec.http.HttpContentDecoder.decode(HttpContentDecoder.java:181)
		at io.netty.handler.codec.http.HttpContentDecoder.decode(HttpContentDecoder.java:48)
		at io.netty.handler.codec.MessageToMessageDecoder.channelRead(MessageToMessageDecoder.java:91)
		at io.netty.channel.AbstractChannelHandlerContext.invokeChannelRead(AbstractChannelHandlerContext.java:444)
		at io.netty.channel.AbstractChannelHandlerContext.invokeChannelRead(AbstractChannelHandlerContext.java:420)
		at io.netty.channel.AbstractChannelHandlerContext.fireChannelRead(AbstractChannelHandlerContext.java:412)
		at io.netty.channel.CombinedChannelDuplexHandler$DelegatingChannelHandlerContext.fireChannelRead(CombinedChannelDuplexHandler.java:436)
		at io.netty.handler.codec.ByteToMessageDecoder.fireChannelRead(ByteToMessageDecoder.java:346)
		at io.netty.handler.codec.ByteToMessageDecoder.channelRead(ByteToMessageDecoder.java:318)
		at io.netty.channel.CombinedChannelDuplexHandler.channelRead(CombinedChannelDuplexHandler.java:251)
		at io.netty.channel.AbstractChannelHandlerContext.invokeChannelRead(AbstractChannelHandlerContext.java:442)
		at io.netty.channel.AbstractChannelHandlerContext.invokeChannelRead(AbstractChannelHandlerContext.java:420)
		at io.netty.channel.AbstractChannelHandlerContext.fireChannelRead(AbstractChannelHandlerContext.java:412)
		at io.netty.channel.DefaultChannelPipeline$HeadContext.channelRead(DefaultChannelPipeline.java:1357)
		at io.netty.channel.AbstractChannelHandlerContext.invokeChannelRead(AbstractChannelHandlerContext.java:440)
		at io.netty.channel.AbstractChannelHandlerContext.invokeChannelRead(AbstractChannelHandlerContext.java:420)
		at io.netty.channel.DefaultChannelPipeline.fireChannelRead(DefaultChannelPipeline.java:868)
		at io.netty.channel.nio.AbstractNioByteChannel$NioByteUnsafe.read(AbstractNioByteChannel.java:166)
		at io.netty.channel.nio.NioEventLoop.processSelectedKey(NioEventLoop.java:796)
		at io.netty.channel.nio.NioEventLoop.processSelectedKeysOptimized(NioEventLoop.java:732)
		at io.netty.channel.nio.NioEventLoop.processSelectedKeys(NioEventLoop.java:658)
		at io.netty.channel.nio.NioEventLoop.run(NioEventLoop.java:562)
		at io.netty.util.concurrent.SingleThreadEventExecutor$4.run(SingleThreadEventExecutor.java:998)
		at io.netty.util.internal.ThreadExecutorMap$2.run(ThreadExecutorMap.java:74)
		at io.netty.util.concurrent.FastThreadLocalRunnable.run(FastThreadLocalRunnable.java:30)
		at java.base/java.lang.Thread.run(Thread.java:1575)
	Suppressed: java.lang.Exception: #block terminated with an error
		at reactor.core.publisher.BlockingSingleSubscriber.blockingGet(BlockingSingleSubscriber.java:104)
		at reactor.core.publisher.Mono.block(Mono.java:1779)
		at com.example.flightservice.external.AviationStackService.searchFlightsToTetouan(AviationStackService.java:74)
		at com.example.flightservice.service.FlightService.searchFlights(FlightService.java:69)
		at com.example.flightservice.controller.FlightController.searchFlights(FlightController.java:40)
		at java.base/jdk.internal.reflect.DirectMethodHandleAccessor.invoke(DirectMethodHandleAccessor.java:103)
		at java.base/java.lang.reflect.Method.invoke(Method.java:580)
		at org.springframework.web.method.support.InvocableHandlerMethod.doInvoke(InvocableHandlerMethod.java:258)
		at org.springframework.web.method.support.InvocableHandlerMethod.invokeForRequest(InvocableHandlerMethod.java:191)
		at org.springframework.web.servlet.mvc.method.annotation.ServletInvocableHandlerMethod.invokeAndHandle(ServletInvocableHandlerMethod.java:118)
		at org.springframework.web.servlet.mvc.method.annotation.RequestMappingHandlerAdapter.invokeHandlerMethod(RequestMappingHandlerAdapter.java:991)
		at org.springframework.web.servlet.mvc.method.annotation.RequestMappingHandlerAdapter.handleInternal(RequestMappingHandlerAdapter.java:896)
		at org.springframework.web.servlet.mvc.method.AbstractHandlerMethodAdapter.handle(AbstractHandlerMethodAdapter.java:87)
		at org.springframework.web.servlet.DispatcherServlet.doDispatch(DispatcherServlet.java:1089)
		at org.springframework.web.servlet.DispatcherServlet.doService(DispatcherServlet.java:979)
		at org.springframework.web.servlet.FrameworkServlet.processRequest(FrameworkServlet.java:1014)
		at org.springframework.web.servlet.FrameworkServlet.doGet(FrameworkServlet.java:903)
		at jakarta.servlet.http.HttpServlet.service(HttpServlet.java:564)
		at org.springframework.web.servlet.FrameworkServlet.service(FrameworkServlet.java:885)
		at jakarta.servlet.http.HttpServlet.service(HttpServlet.java:658)
		at org.apache.catalina.core.ApplicationFilterChain.internalDoFilter(ApplicationFilterChain.java:193)
		at org.apache.catalina.core.ApplicationFilterChain.doFilter(ApplicationFilterChain.java:138)
		at org.apache.tomcat.websocket.server.WsFilter.doFilter(WsFilter.java:51)
		at org.apache.catalina.core.ApplicationFilterChain.internalDoFilter(ApplicationFilterChain.java:162)
		at org.apache.catalina.core.ApplicationFilterChain.doFilter(ApplicationFilterChain.java:138)
		at org.springframework.web.filter.RequestContextFilter.doFilterInternal(RequestContextFilter.java:100)
		at org.springframework.web.filter.OncePerRequestFilter.doFilter(OncePerRequestFilter.java:116)
		at org.apache.catalina.core.ApplicationFilterChain.internalDoFilter(ApplicationFilterChain.java:162)
		at org.apache.catalina.core.ApplicationFilterChain.doFilter(ApplicationFilterChain.java:138)
		at org.springframework.web.filter.FormContentFilter.doFilterInternal(FormContentFilter.java:93)
		at org.springframework.web.filter.OncePerRequestFilter.doFilter(OncePerRequestFilter.java:116)
		at org.apache.catalina.core.ApplicationFilterChain.internalDoFilter(ApplicationFilterChain.java:162)
		at org.apache.catalina.core.ApplicationFilterChain.doFilter(ApplicationFilterChain.java:138)
		at org.springframework.web.filter.CharacterEncodingFilter.doFilterInternal(CharacterEncodingFilter.java:201)
		at org.springframework.web.filter.OncePerRequestFilter.doFilter(OncePerRequestFilter.java:116)
		at org.apache.catalina.core.ApplicationFilterChain.internalDoFilter(ApplicationFilterChain.java:162)
		at org.apache.catalina.core.ApplicationFilterChain.doFilter(ApplicationFilterChain.java:138)
		at org.apache.catalina.core.StandardWrapperValve.invoke(StandardWrapperValve.java:165)
		at org.apache.catalina.core.StandardContextValve.invoke(StandardContextValve.java:88)
		at org.apache.catalina.authenticator.AuthenticatorBase.invoke(AuthenticatorBase.java:482)
		at org.apache.catalina.core.StandardHostValve.invoke(StandardHostValve.java:113)
		at org.apache.catalina.valves.ErrorReportValve.invoke(ErrorReportValve.java:83)
		at org.apache.catalina.core.StandardEngineValve.invoke(StandardEngineValve.java:72)
		at org.apache.catalina.connector.CoyoteAdapter.service(CoyoteAdapter.java:342)
		at org.apache.coyote.http11.Http11Processor.service(Http11Processor.java:399)
		at org.apache.coyote.AbstractProcessorLight.process(AbstractProcessorLight.java:63)
		at org.apache.coyote.AbstractProtocol$ConnectionHandler.process(AbstractProtocol.java:903)
		at org.apache.tomcat.util.net.NioEndpoint$SocketProcessor.doRun(NioEndpoint.java:1774)
		at org.apache.tomcat.util.net.SocketProcessorBase.run(SocketProcessorBase.java:52)
		at org.apache.tomcat.util.threads.ThreadPoolExecutor.runWorker(ThreadPoolExecutor.java:973)
		at org.apache.tomcat.util.threads.ThreadPoolExecutor$Worker.run(ThreadPoolExecutor.java:491)
		at org.apache.tomcat.util.threads.TaskThread$WrappingRunnable.run(TaskThread.java:63)
		at java.base/java.lang.Thread.run(Thread.java:1575)
2025-12-17 14:06:39 [http-nio-8084-exec-8] INFO  c.e.f.external.AviationStackService - Utilisation données fallback pour: null
2025-12-17 14:06:39 [http-nio-8084-exec-8] INFO  c.e.f.external.AviationStackService - 14 vols fallback générés
2025-12-17 14:06:39 [http-nio-8084-exec-8] INFO  c.e.f.service.FlightService - 📊 14 vols trouvés
2025-12-17 14:06:39 [http-nio-8084-exec-8] DEBUG c.e.f.service.FlightService - Exemple de vols trouvés:
2025-12-17 14:06:39 [http-nio-8084-exec-8] DEBUG c.e.f.service.FlightService -   1. Air France: Agadir -> Tétouan, Prix: 664.6986426298004 MAD, Heure: 2025-12-18T09:18:39.967840400
2025-12-17 14:06:39 [http-nio-8084-exec-8] DEBUG c.e.f.service.FlightService -   2. Lufthansa: Paris -> Tétouan, Prix: 1200.0 MAD, Heure: 2025-12-18T14:42:39.967840400
2025-12-17 14:06:39 [http-nio-8084-exec-8] DEBUG c.e.f.service.FlightService -   3. Iberia: Marrakech -> Tétouan, Prix: 500.0 MAD, Heure: 2025-12-18T17:19:39.967840400
2025-12-17 14:06:39 [http-nio-8084-exec-8] DEBUG o.s.w.s.m.m.a.HttpEntityMethodProcessor - Using 'application/json', given [application/json, text/plain, */*] and supported [application/json, application/*+json]
2025-12-17 14:06:39 [http-nio-8084-exec-8] DEBUG o.s.w.s.m.m.a.HttpEntityMethodProcessor - Writing [[Flight(id=FALLBACK-9739bedb-67f2-45b2-adbd-fe741888bf82, flightNumber=FB1005, airline=Air France, d (truncated)...]
2025-12-17 14:06:39 [http-nio-8084-exec-8] DEBUG o.s.web.servlet.DispatcherServlet - Completed 200 OK
2025-12-17 14:07:00 [http-nio-8084-exec-9] DEBUG o.s.web.servlet.DispatcherServlet - GET "/api/flights/cities/list", parameters={}
2025-12-17 14:07:00 [http-nio-8084-exec-9] DEBUG o.s.w.s.m.m.a.RequestMappingHandlerMapping - Mapped to com.example.flightservice.controller.FlightController#getCitiesList()
2025-12-17 14:07:00 [http-nio-8084-exec-9] DEBUG o.s.w.s.m.m.a.HttpEntityMethodProcessor - Using 'application/json;q=0.8', given [text/html, application/xhtml+xml, image/avif, image/webp, image/apng, application/xml;q=0.9, */*;q=0.8, application/signed-exchange;v=b3;q=0.7] and supported [application/json, application/*+json]
2025-12-17 14:07:01 [http-nio-8084-exec-9] DEBUG o.s.w.s.m.m.a.HttpEntityMethodProcessor - Writing [[Paris, Casablanca, Rabat, Tanger, Fès, Marrakech, Agadir, Madrid, Barcelone, Lisbonne, Londres, Rom (truncated)...]
2025-12-17 14:07:01 [http-nio-8084-exec-9] DEBUG o.s.web.servlet.DispatcherServlet - Completed 200 OK
2025-12-17 14:09:36 [http-nio-8084-exec-1] DEBUG o.s.web.servlet.DispatcherServlet - GET "/api/flights/cities/list", parameters={}
2025-12-17 14:09:36 [http-nio-8084-exec-1] DEBUG o.s.w.s.m.m.a.RequestMappingHandlerMapping - Mapped to com.example.flightservice.controller.FlightController#getCitiesList()
2025-12-17 14:09:36 [http-nio-8084-exec-1] DEBUG o.s.w.s.m.m.a.HttpEntityMethodProcessor - Using 'application/json', given [application/json, text/plain, */*] and supported [application/json, application/*+json]
2025-12-17 14:09:36 [http-nio-8084-exec-1] DEBUG o.s.w.s.m.m.a.HttpEntityMethodProcessor - Writing [[Paris, Casablanca, Rabat, Tanger, Fès, Marrakech, Agadir, Madrid, Barcelone, Lisbonne, Londres, Rom (truncated)...]
2025-12-17 14:09:36 [http-nio-8084-exec-3] DEBUG o.s.web.servlet.DispatcherServlet - GET "/api/flights/cities/list", parameters={}
2025-12-17 14:09:36 [http-nio-8084-exec-3] DEBUG o.s.w.s.m.m.a.RequestMappingHandlerMapping - Mapped to com.example.flightservice.controller.FlightController#getCitiesList()
2025-12-17 14:09:36 [http-nio-8084-exec-1] DEBUG o.s.web.servlet.DispatcherServlet - Completed 200 OK
2025-12-17 14:09:36 [http-nio-8084-exec-3] DEBUG o.s.w.s.m.m.a.HttpEntityMethodProcessor - Using 'application/json', given [application/json, text/plain, */*] and supported [application/json, application/*+json]
2025-12-17 14:09:36 [http-nio-8084-exec-3] DEBUG o.s.w.s.m.m.a.HttpEntityMethodProcessor - Writing [[Paris, Casablanca, Rabat, Tanger, Fès, Marrakech, Agadir, Madrid, Barcelone, Lisbonne, Londres, Rom (truncated)...]
2025-12-17 14:09:37 [http-nio-8084-exec-3] DEBUG o.s.web.servlet.DispatcherServlet - Completed 200 OK
2025-12-17 14:11:04 [http-nio-8084-exec-6] DEBUG o.s.web.servlet.DispatcherServlet - GET "/api/flights/airlines/list", parameters={}
2025-12-17 14:11:04 [http-nio-8084-exec-6] DEBUG o.s.w.s.m.m.a.RequestMappingHandlerMapping - Mapped to com.example.flightservice.controller.FlightController#getAirlinesList()
2025-12-17 14:11:04 [http-nio-8084-exec-7] DEBUG o.s.web.servlet.DispatcherServlet - GET "/api/flights/cities/list", parameters={}
2025-12-17 14:11:04 [http-nio-8084-exec-7] DEBUG o.s.w.s.m.m.a.RequestMappingHandlerMapping - Mapped to com.example.flightservice.controller.FlightController#getCitiesList()
2025-12-17 14:11:04 [http-nio-8084-exec-7] DEBUG o.s.w.s.m.m.a.HttpEntityMethodProcessor - Using 'application/json', given [application/json, text/plain, */*] and supported [application/json, application/*+json]
2025-12-17 14:11:04 [http-nio-8084-exec-7] DEBUG o.s.w.s.m.m.a.HttpEntityMethodProcessor - Writing [[Paris, Casablanca, Rabat, Tanger, Fès, Marrakech, Agadir, Madrid, Barcelone, Lisbonne, Londres, Rom (truncated)...]
2025-12-17 14:11:04 [http-nio-8084-exec-7] DEBUG o.s.web.servlet.DispatcherServlet - Completed 200 OK
2025-12-17 14:11:04 [http-nio-8084-exec-6] DEBUG o.s.w.s.m.m.a.HttpEntityMethodProcessor - Using 'application/json', given [application/json, text/plain, */*] and supported [application/json, application/*+json]
2025-12-17 14:11:04 [http-nio-8084-exec-6] DEBUG o.s.w.s.m.m.a.HttpEntityMethodProcessor - Writing [[Royal Air Maroc, Air France, Iberia, Lufthansa, British Airways, TAP Air Portugal, Ryanair, EasyJet (truncated)...]
2025-12-17 14:11:04 [http-nio-8084-exec-6] DEBUG o.s.web.servlet.DispatcherServlet - Completed 200 OK
2025-12-17 14:11:41 [http-nio-8084-exec-8] DEBUG o.s.web.servlet.DispatcherServlet - GET "/api/flights/cities/list", parameters={}
2025-12-17 14:11:41 [http-nio-8084-exec-8] DEBUG o.s.w.s.m.m.a.RequestMappingHandlerMapping - Mapped to com.example.flightservice.controller.FlightController#getCitiesList()
2025-12-17 14:11:41 [http-nio-8084-exec-8] DEBUG o.s.w.s.m.m.a.HttpEntityMethodProcessor - Using 'application/json', given [application/json, text/plain, */*] and supported [application/json, application/*+json]
2025-12-17 14:11:41 [http-nio-8084-exec-8] DEBUG o.s.w.s.m.m.a.HttpEntityMethodProcessor - Writing [[Paris, Casablanca, Rabat, Tanger, Fès, Marrakech, Agadir, Madrid, Barcelone, Lisbonne, Londres, Rom (truncated)...]
2025-12-17 14:11:41 [http-nio-8084-exec-9] DEBUG o.s.web.servlet.DispatcherServlet - GET "/api/flights/airlines/list", parameters={}
2025-12-17 14:11:41 [http-nio-8084-exec-9] DEBUG o.s.w.s.m.m.a.RequestMappingHandlerMapping - Mapped to com.example.flightservice.controller.FlightController#getAirlinesList()
2025-12-17 14:11:41 [http-nio-8084-exec-8] DEBUG o.s.web.servlet.DispatcherServlet - Completed 200 OK
2025-12-17 14:11:41 [http-nio-8084-exec-9] DEBUG o.s.w.s.m.m.a.HttpEntityMethodProcessor - Using 'application/json', given [application/json, text/plain, */*] and supported [application/json, application/*+json]
2025-12-17 14:11:41 [http-nio-8084-exec-9] DEBUG o.s.w.s.m.m.a.HttpEntityMethodProcessor - Writing [[Royal Air Maroc, Air France, Iberia, Lufthansa, British Airways, TAP Air Portugal, Ryanair, EasyJet (truncated)...]
2025-12-17 14:11:41 [http-nio-8084-exec-9] DEBUG o.s.web.servlet.DispatcherServlet - Completed 200 OK
2025-12-17 14:11:41 [http-nio-8084-exec-10] DEBUG o.s.web.servlet.DispatcherServlet - GET "/api/flights/cities/list", parameters={}
2025-12-17 14:11:41 [http-nio-8084-exec-2] DEBUG o.s.web.servlet.DispatcherServlet - GET "/api/flights/airlines/list", parameters={}
2025-12-17 14:11:41 [http-nio-8084-exec-10] DEBUG o.s.w.s.m.m.a.RequestMappingHandlerMapping - Mapped to com.example.flightservice.controller.FlightController#getCitiesList()
2025-12-17 14:11:41 [http-nio-8084-exec-2] DEBUG o.s.w.s.m.m.a.RequestMappingHandlerMapping - Mapped to com.example.flightservice.controller.FlightController#getAirlinesList()
2025-12-17 14:11:41 [http-nio-8084-exec-10] DEBUG o.s.w.s.m.m.a.HttpEntityMethodProcessor - Using 'application/json', given [application/json, text/plain, */*] and supported [application/json, application/*+json]
2025-12-17 14:11:41 [http-nio-8084-exec-2] DEBUG o.s.w.s.m.m.a.HttpEntityMethodProcessor - Using 'application/json', given [application/json, text/plain, */*] and supported [application/json, application/*+json]
2025-12-17 14:11:41 [http-nio-8084-exec-2] DEBUG o.s.w.s.m.m.a.HttpEntityMethodProcessor - Writing [[Royal Air Maroc, Air France, Iberia, Lufthansa, British Airways, TAP Air Portugal, Ryanair, EasyJet (truncated)...]
2025-12-17 14:11:41 [http-nio-8084-exec-10] DEBUG o.s.w.s.m.m.a.HttpEntityMethodProcessor - Writing [[Paris, Casablanca, Rabat, Tanger, Fès, Marrakech, Agadir, Madrid, Barcelone, Lisbonne, Londres, Rom (truncated)...]
2025-12-17 14:11:41 [http-nio-8084-exec-10] DEBUG o.s.web.servlet.DispatcherServlet - Completed 200 OK
2025-12-17 14:11:41 [http-nio-8084-exec-2] DEBUG o.s.web.servlet.DispatcherServlet - Completed 200 OK
2025-12-17 14:13:24 [http-nio-8084-exec-5] DEBUG o.s.web.servlet.DispatcherServlet - GET "/api/flights/stats/dashboard", parameters={}
2025-12-17 14:13:24 [http-nio-8084-exec-4] DEBUG o.s.web.servlet.DispatcherServlet - GET "/api/flights/airlines/list", parameters={}
2025-12-17 14:13:24 [http-nio-8084-exec-5] DEBUG o.s.w.s.m.m.a.RequestMappingHandlerMapping - Mapped to com.example.flightservice.controller.FlightController#getDashboardStats()
2025-12-17 14:13:24 [http-nio-8084-exec-4] DEBUG o.s.w.s.m.m.a.RequestMappingHandlerMapping - Mapped to com.example.flightservice.controller.FlightController#getAirlinesList()
2025-12-17 14:13:24 [http-nio-8084-exec-4] DEBUG o.s.w.s.m.m.a.HttpEntityMethodProcessor - Using 'application/json', given [*/*] and supported [application/json, application/*+json]
2025-12-17 14:13:24 [http-nio-8084-exec-4] DEBUG o.s.w.s.m.m.a.HttpEntityMethodProcessor - Writing [[Royal Air Maroc, Air France, Iberia, Lufthansa, British Airways, TAP Air Portugal, Ryanair, EasyJet (truncated)...]
2025-12-17 14:13:24 [http-nio-8084-exec-4] DEBUG o.s.web.servlet.DispatcherServlet - Completed 200 OK
2025-12-17 14:13:24 [http-nio-8084-exec-7] DEBUG o.s.web.servlet.DispatcherServlet - GET "/api/flights/cities/list", parameters={}
2025-12-17 14:13:24 [http-nio-8084-exec-6] DEBUG o.s.web.servlet.DispatcherServlet - GET "/api/flights/airlines/list", parameters={}
2025-12-17 14:13:24 [http-nio-8084-exec-7] DEBUG o.s.w.s.m.m.a.RequestMappingHandlerMapping - Mapped to com.example.flightservice.controller.FlightController#getCitiesList()
2025-12-17 14:13:24 [http-nio-8084-exec-6] DEBUG o.s.w.s.m.m.a.RequestMappingHandlerMapping - Mapped to com.example.flightservice.controller.FlightController#getAirlinesList()
2025-12-17 14:13:24 [http-nio-8084-exec-6] DEBUG o.s.w.s.m.m.a.HttpEntityMethodProcessor - Using 'application/json', given [*/*] and supported [application/json, application/*+json]
2025-12-17 14:13:24 [http-nio-8084-exec-6] DEBUG o.s.w.s.m.m.a.HttpEntityMethodProcessor - Writing [[Royal Air Maroc, Air France, Iberia, Lufthansa, British Airways, TAP Air Portugal, Ryanair, EasyJet (truncated)...]
2025-12-17 14:13:24 [http-nio-8084-exec-7] DEBUG o.s.w.s.m.m.a.HttpEntityMethodProcessor - Using 'application/json', given [*/*] and supported [application/json, application/*+json]
2025-12-17 14:13:24 [http-nio-8084-exec-7] DEBUG o.s.w.s.m.m.a.HttpEntityMethodProcessor - Writing [[Paris, Casablanca, Rabat, Tanger, Fès, Marrakech, Agadir, Madrid, Barcelone, Lisbonne, Londres, Rom (truncated)...]
2025-12-17 14:13:24 [http-nio-8084-exec-6] DEBUG o.s.web.servlet.DispatcherServlet - Completed 200 OK
2025-12-17 14:13:24 [http-nio-8084-exec-7] DEBUG o.s.web.servlet.DispatcherServlet - Completed 200 OK
2025-12-17 14:13:24 [http-nio-8084-exec-8] DEBUG o.s.web.servlet.DispatcherServlet - GET "/api/flights/cities/list", parameters={}
2025-12-17 14:13:24 [http-nio-8084-exec-8] DEBUG o.s.w.s.m.m.a.RequestMappingHandlerMapping - Mapped to com.example.flightservice.controller.FlightController#getCitiesList()
2025-12-17 14:13:24 [http-nio-8084-exec-8] DEBUG o.s.w.s.m.m.a.HttpEntityMethodProcessor - Using 'application/json', given [*/*] and supported [application/json, application/*+json]
2025-12-17 14:13:24 [http-nio-8084-exec-8] DEBUG o.s.w.s.m.m.a.HttpEntityMethodProcessor - Writing [[Paris, Casablanca, Rabat, Tanger, Fès, Marrakech, Agadir, Madrid, Barcelone, Lisbonne, Londres, Rom (truncated)...]
2025-12-17 14:13:24 [http-nio-8084-exec-8] DEBUG o.s.web.servlet.DispatcherServlet - Completed 200 OK
2025-12-17 14:13:25 [http-nio-8084-exec-5] DEBUG o.s.w.s.m.m.a.HttpEntityMethodProcessor - Using 'application/json', given [*/*] and supported [application/json, application/*+json]
2025-12-17 14:13:25 [http-nio-8084-exec-5] DEBUG o.s.w.s.m.m.a.HttpEntityMethodProcessor - Writing [{expensiveFlight=Iberia - 1168.2645642131943 MAD, mostPopularCity=Lisbonne, cheapestFlight=Ryanair - (truncated)...]
2025-12-17 14:13:25 [http-nio-8084-exec-5] DEBUG o.s.web.servlet.DispatcherServlet - Completed 200 OK
2025-12-17 14:13:25 [http-nio-8084-exec-9] DEBUG o.s.web.servlet.DispatcherServlet - GET "/api/flights/stats/dashboard", parameters={}
2025-12-17 14:13:25 [http-nio-8084-exec-9] DEBUG o.s.w.s.m.m.a.RequestMappingHandlerMapping - Mapped to com.example.flightservice.controller.FlightController#getDashboardStats()
2025-12-17 14:13:25 [http-nio-8084-exec-9] DEBUG o.s.w.s.m.m.a.HttpEntityMethodProcessor - Using 'application/json', given [*/*] and supported [application/json, application/*+json]
2025-12-17 14:13:25 [http-nio-8084-exec-9] DEBUG o.s.w.s.m.m.a.HttpEntityMethodProcessor - Writing [{expensiveFlight=Iberia - 1168.2645642131943 MAD, mostPopularCity=Lisbonne, cheapestFlight=Ryanair - (truncated)...]
2025-12-17 14:13:25 [http-nio-8084-exec-9] DEBUG o.s.web.servlet.DispatcherServlet - Completed 200 OK
2025-12-17 14:14:00 [http-nio-8084-exec-10] DEBUG o.s.web.servlet.DispatcherServlet - GET "/api/flights/search?departureDate=2025-12-17", parameters={masked}
2025-12-17 14:14:00 [http-nio-8084-exec-10] DEBUG o.s.w.s.m.m.a.RequestMappingHandlerMapping - Mapped to com.example.flightservice.controller.FlightController#searchFlights(String, LocalDate, String)
2025-12-17 14:14:00 [http-nio-8084-exec-10] INFO  c.e.f.service.FlightService - 🔍 Recherche vols - Ville: null, Date: 2025-12-17, Compagnie: null
2025-12-17 14:14:00 [http-nio-8084-exec-10] INFO  c.e.f.external.AviationStackService - Recherche AviationStack - Ville: null, Date: 2025-12-17, Compagnie: null
2025-12-17 14:14:00 [http-nio-8084-exec-10] DEBUG c.e.f.external.AviationStackService - URL API: http://api.aviationstack.com/v1/flights?access_key=***&arr_iata=TNG&limit=50&flight_date=2025-12-17
2025-12-17 14:14:00 [http-nio-8084-exec-10] DEBUG o.s.w.r.f.client.ExchangeFunctions - [5c74661c] HTTP GET http://api.aviationstack.com/v1/flights?access_key=c1f2dcab27982c1a73c2ae40047c02ca&arr_iata=TNG&limit=50&flight_date=2025-12-17
2025-12-17 14:14:04 [reactor-http-nio-3] DEBUG o.s.w.r.f.client.ExchangeFunctions - [5c74661c] [5cf6c9e6-1] Response 403 FORBIDDEN
2025-12-17 14:14:04 [reactor-http-nio-3] DEBUG org.springframework.web.HttpLogging - [5c74661c] [5cf6c9e6-1] Read 126 bytes
2025-12-17 14:14:04 [http-nio-8084-exec-10] ERROR c.e.f.external.AviationStackService - Erreur API AviationStack: 403 Forbidden from GET http://api.aviationstack.com/v1/flights
org.springframework.web.reactive.function.client.WebClientResponseException$Forbidden: 403 Forbidden from GET http://api.aviationstack.com/v1/flights
	at org.springframework.web.reactive.function.client.WebClientResponseException.create(WebClientResponseException.java:323)
	Suppressed: reactor.core.publisher.FluxOnAssembly$OnAssemblyException: 
Error has been observed at the following site(s):
	*__checkpoint ⇢ 403 FORBIDDEN from GET http://api.aviationstack.com/v1/flights [DefaultWebClient]
Original Stack Trace:
		at org.springframework.web.reactive.function.client.WebClientResponseException.create(WebClientResponseException.java:323)
		at org.springframework.web.reactive.function.client.DefaultClientResponse.lambda$createException$1(DefaultClientResponse.java:214)
		at reactor.core.publisher.FluxMap$MapSubscriber.onNext(FluxMap.java:106)
		at reactor.core.publisher.FluxOnErrorReturn$ReturnSubscriber.onNext(FluxOnErrorReturn.java:162)
		at reactor.core.publisher.FluxDefaultIfEmpty$DefaultIfEmptySubscriber.onNext(FluxDefaultIfEmpty.java:122)
		at reactor.core.publisher.FluxMapFuseable$MapFuseableSubscriber.onNext(FluxMapFuseable.java:129)
		at reactor.core.publisher.FluxContextWrite$ContextWriteSubscriber.onNext(FluxContextWrite.java:107)
		at reactor.core.publisher.FluxMapFuseable$MapFuseableConditionalSubscriber.onNext(FluxMapFuseable.java:299)
		at reactor.core.publisher.FluxFilterFuseable$FilterFuseableConditionalSubscriber.onNext(FluxFilterFuseable.java:337)
		at reactor.core.publisher.Operators$BaseFluxToMonoOperator.completePossiblyEmpty(Operators.java:2096)
		at reactor.core.publisher.MonoCollect$CollectSubscriber.onComplete(MonoCollect.java:145)
		at reactor.core.publisher.FluxMap$MapSubscriber.onComplete(FluxMap.java:144)
		at reactor.core.publisher.FluxPeek$PeekSubscriber.onComplete(FluxPeek.java:260)
		at reactor.core.publisher.FluxMap$MapSubscriber.onComplete(FluxMap.java:144)
		at reactor.netty.channel.FluxReceive.onInboundComplete(FluxReceive.java:413)
		at reactor.netty.channel.ChannelOperations.onInboundComplete(ChannelOperations.java:464)
		at reactor.netty.channel.ChannelOperations.terminate(ChannelOperations.java:518)
		at reactor.netty.http.client.HttpClientOperations.onInboundNext(HttpClientOperations.java:925)
		at reactor.netty.channel.ChannelOperationsHandler.channelRead(ChannelOperationsHandler.java:115)
		at io.netty.channel.AbstractChannelHandlerContext.invokeChannelRead(AbstractChannelHandlerContext.java:444)
		at io.netty.channel.AbstractChannelHandlerContext.invokeChannelRead(AbstractChannelHandlerContext.java:420)
		at io.netty.channel.AbstractChannelHandlerContext.fireChannelRead(AbstractChannelHandlerContext.java:412)
		at io.netty.handler.codec.http.HttpContentDecoder.decode(HttpContentDecoder.java:181)
		at io.netty.handler.codec.http.HttpContentDecoder.decode(HttpContentDecoder.java:48)
		at io.netty.handler.codec.MessageToMessageDecoder.channelRead(MessageToMessageDecoder.java:91)
		at io.netty.channel.AbstractChannelHandlerContext.invokeChannelRead(AbstractChannelHandlerContext.java:444)
		at io.netty.channel.AbstractChannelHandlerContext.invokeChannelRead(AbstractChannelHandlerContext.java:420)
		at io.netty.channel.AbstractChannelHandlerContext.fireChannelRead(AbstractChannelHandlerContext.java:412)
		at io.netty.channel.CombinedChannelDuplexHandler$DelegatingChannelHandlerContext.fireChannelRead(CombinedChannelDuplexHandler.java:436)
		at io.netty.handler.codec.ByteToMessageDecoder.fireChannelRead(ByteToMessageDecoder.java:346)
		at io.netty.handler.codec.ByteToMessageDecoder.channelRead(ByteToMessageDecoder.java:318)
		at io.netty.channel.CombinedChannelDuplexHandler.channelRead(CombinedChannelDuplexHandler.java:251)
		at io.netty.channel.AbstractChannelHandlerContext.invokeChannelRead(AbstractChannelHandlerContext.java:442)
		at io.netty.channel.AbstractChannelHandlerContext.invokeChannelRead(AbstractChannelHandlerContext.java:420)
		at io.netty.channel.AbstractChannelHandlerContext.fireChannelRead(AbstractChannelHandlerContext.java:412)
		at io.netty.channel.DefaultChannelPipeline$HeadContext.channelRead(DefaultChannelPipeline.java:1357)
		at io.netty.channel.AbstractChannelHandlerContext.invokeChannelRead(AbstractChannelHandlerContext.java:440)
		at io.netty.channel.AbstractChannelHandlerContext.invokeChannelRead(AbstractChannelHandlerContext.java:420)
		at io.netty.channel.DefaultChannelPipeline.fireChannelRead(DefaultChannelPipeline.java:868)
		at io.netty.channel.nio.AbstractNioByteChannel$NioByteUnsafe.read(AbstractNioByteChannel.java:166)
		at io.netty.channel.nio.NioEventLoop.processSelectedKey(NioEventLoop.java:796)
		at io.netty.channel.nio.NioEventLoop.processSelectedKeysOptimized(NioEventLoop.java:732)
		at io.netty.channel.nio.NioEventLoop.processSelectedKeys(NioEventLoop.java:658)
		at io.netty.channel.nio.NioEventLoop.run(NioEventLoop.java:562)
		at io.netty.util.concurrent.SingleThreadEventExecutor$4.run(SingleThreadEventExecutor.java:998)
		at io.netty.util.internal.ThreadExecutorMap$2.run(ThreadExecutorMap.java:74)
		at io.netty.util.concurrent.FastThreadLocalRunnable.run(FastThreadLocalRunnable.java:30)
		at java.base/java.lang.Thread.run(Thread.java:1575)
	Suppressed: java.lang.Exception: #block terminated with an error
		at reactor.core.publisher.BlockingSingleSubscriber.blockingGet(BlockingSingleSubscriber.java:104)
		at reactor.core.publisher.Mono.block(Mono.java:1779)
		at com.example.flightservice.external.AviationStackService.searchFlightsToTetouan(AviationStackService.java:74)
		at com.example.flightservice.service.FlightService.searchFlights(FlightService.java:69)
		at com.example.flightservice.controller.FlightController.searchFlights(FlightController.java:40)
		at java.base/jdk.internal.reflect.DirectMethodHandleAccessor.invoke(DirectMethodHandleAccessor.java:103)
		at java.base/java.lang.reflect.Method.invoke(Method.java:580)
		at org.springframework.web.method.support.InvocableHandlerMethod.doInvoke(InvocableHandlerMethod.java:258)
		at org.springframework.web.method.support.InvocableHandlerMethod.invokeForRequest(InvocableHandlerMethod.java:191)
		at org.springframework.web.servlet.mvc.method.annotation.ServletInvocableHandlerMethod.invokeAndHandle(ServletInvocableHandlerMethod.java:118)
		at org.springframework.web.servlet.mvc.method.annotation.RequestMappingHandlerAdapter.invokeHandlerMethod(RequestMappingHandlerAdapter.java:991)
		at org.springframework.web.servlet.mvc.method.annotation.RequestMappingHandlerAdapter.handleInternal(RequestMappingHandlerAdapter.java:896)
		at org.springframework.web.servlet.mvc.method.AbstractHandlerMethodAdapter.handle(AbstractHandlerMethodAdapter.java:87)
		at org.springframework.web.servlet.DispatcherServlet.doDispatch(DispatcherServlet.java:1089)
		at org.springframework.web.servlet.DispatcherServlet.doService(DispatcherServlet.java:979)
		at org.springframework.web.servlet.FrameworkServlet.processRequest(FrameworkServlet.java:1014)
		at org.springframework.web.servlet.FrameworkServlet.doGet(FrameworkServlet.java:903)
		at jakarta.servlet.http.HttpServlet.service(HttpServlet.java:564)
		at org.springframework.web.servlet.FrameworkServlet.service(FrameworkServlet.java:885)
		at jakarta.servlet.http.HttpServlet.service(HttpServlet.java:658)
		at org.apache.catalina.core.ApplicationFilterChain.internalDoFilter(ApplicationFilterChain.java:193)
		at org.apache.catalina.core.ApplicationFilterChain.doFilter(ApplicationFilterChain.java:138)
		at org.apache.tomcat.websocket.server.WsFilter.doFilter(WsFilter.java:51)
		at org.apache.catalina.core.ApplicationFilterChain.internalDoFilter(ApplicationFilterChain.java:162)
		at org.apache.catalina.core.ApplicationFilterChain.doFilter(ApplicationFilterChain.java:138)
		at org.springframework.web.filter.RequestContextFilter.doFilterInternal(RequestContextFilter.java:100)
		at org.springframework.web.filter.OncePerRequestFilter.doFilter(OncePerRequestFilter.java:116)
		at org.apache.catalina.core.ApplicationFilterChain.internalDoFilter(ApplicationFilterChain.java:162)
		at org.apache.catalina.core.ApplicationFilterChain.doFilter(ApplicationFilterChain.java:138)
		at org.springframework.web.filter.FormContentFilter.doFilterInternal(FormContentFilter.java:93)
		at org.springframework.web.filter.OncePerRequestFilter.doFilter(OncePerRequestFilter.java:116)
		at org.apache.catalina.core.ApplicationFilterChain.internalDoFilter(ApplicationFilterChain.java:162)
		at org.apache.catalina.core.ApplicationFilterChain.doFilter(ApplicationFilterChain.java:138)
		at org.springframework.web.filter.CharacterEncodingFilter.doFilterInternal(CharacterEncodingFilter.java:201)
		at org.springframework.web.filter.OncePerRequestFilter.doFilter(OncePerRequestFilter.java:116)
		at org.apache.catalina.core.ApplicationFilterChain.internalDoFilter(ApplicationFilterChain.java:162)
		at org.apache.catalina.core.ApplicationFilterChain.doFilter(ApplicationFilterChain.java:138)
		at org.apache.catalina.core.StandardWrapperValve.invoke(StandardWrapperValve.java:165)
		at org.apache.catalina.core.StandardContextValve.invoke(StandardContextValve.java:88)
		at org.apache.catalina.authenticator.AuthenticatorBase.invoke(AuthenticatorBase.java:482)
		at org.apache.catalina.core.StandardHostValve.invoke(StandardHostValve.java:113)
		at org.apache.catalina.valves.ErrorReportValve.invoke(ErrorReportValve.java:83)
		at org.apache.catalina.core.StandardEngineValve.invoke(StandardEngineValve.java:72)
		at org.apache.catalina.connector.CoyoteAdapter.service(CoyoteAdapter.java:342)
		at org.apache.coyote.http11.Http11Processor.service(Http11Processor.java:399)
		at org.apache.coyote.AbstractProcessorLight.process(AbstractProcessorLight.java:63)
		at org.apache.coyote.AbstractProtocol$ConnectionHandler.process(AbstractProtocol.java:903)
		at org.apache.tomcat.util.net.NioEndpoint$SocketProcessor.doRun(NioEndpoint.java:1774)
		at org.apache.tomcat.util.net.SocketProcessorBase.run(SocketProcessorBase.java:52)
		at org.apache.tomcat.util.threads.ThreadPoolExecutor.runWorker(ThreadPoolExecutor.java:973)
		at org.apache.tomcat.util.threads.ThreadPoolExecutor$Worker.run(ThreadPoolExecutor.java:491)
		at org.apache.tomcat.util.threads.TaskThread$WrappingRunnable.run(TaskThread.java:63)
		at java.base/java.lang.Thread.run(Thread.java:1575)
2025-12-17 14:14:04 [http-nio-8084-exec-10] INFO  c.e.f.external.AviationStackService - Utilisation données fallback pour: null
2025-12-17 14:14:04 [http-nio-8084-exec-10] INFO  c.e.f.external.AviationStackService - 14 vols fallback générés
2025-12-17 14:14:04 [http-nio-8084-exec-10] INFO  c.e.f.service.FlightService - 📊 14 vols trouvés
2025-12-17 14:14:04 [http-nio-8084-exec-10] DEBUG c.e.f.service.FlightService - Exemple de vols trouvés:
2025-12-17 14:14:04 [http-nio-8084-exec-10] DEBUG c.e.f.service.FlightService -   1. TAP Air Portugal: Rabat -> Tétouan, Prix: 400.0 MAD, Heure: 2025-12-17T16:29:04.844409900
2025-12-17 14:14:04 [http-nio-8084-exec-10] DEBUG c.e.f.service.FlightService -   2. British Airways: Barcelone -> Tétouan, Prix: 950.0 MAD, Heure: 2025-12-17T17:50:04.844409900
2025-12-17 14:14:04 [http-nio-8084-exec-10] DEBUG c.e.f.service.FlightService -   3. Air Arabia Maroc: Amsterdam -> Tétouan, Prix: 1050.0 MAD, Heure: 2025-12-17T21:42:04.844409900
2025-12-17 14:14:04 [http-nio-8084-exec-10] DEBUG o.s.w.s.m.m.a.HttpEntityMethodProcessor - Using 'application/json', given [*/*] and supported [application/json, application/*+json]
2025-12-17 14:14:04 [http-nio-8084-exec-10] DEBUG o.s.w.s.m.m.a.HttpEntityMethodProcessor - Writing [[Flight(id=FALLBACK-e7cd6de2-d090-460b-8529-9c3d6f103c94, flightNumber=FB1013, airline=TAP Air Portu (truncated)...]
2025-12-17 14:14:04 [http-nio-8084-exec-10] DEBUG o.s.web.servlet.DispatcherServlet - Completed 200 OK
2025-12-17 14:19:44 [SpringApplicationShutdownHook] INFO  o.s.b.w.e.tomcat.GracefulShutdown - Commencing graceful shutdown. Waiting for active requests to complete
2025-12-17 14:19:45 [tomcat-shutdown] INFO  o.s.b.w.e.tomcat.GracefulShutdown - Graceful shutdown complete
2025-12-17 14:19:45 [SpringApplicationShutdownHook] INFO  o.s.o.j.LocalContainerEntityManagerFactoryBean - Closing JPA EntityManagerFactory for persistence unit 'default'
2025-12-17 14:19:45 [SpringApplicationShutdownHook] INFO  com.zaxxer.hikari.HikariDataSource - HikariPool-1 - Shutdown initiated...
2025-12-17 14:19:45 [SpringApplicationShutdownHook] INFO  com.zaxxer.hikari.HikariDataSource - HikariPool-1 - Shutdown completed.
